// Jest Snapshot v1, https://goo.gl/fbAQLP

exports[`MyRecipes component renders a .MyRecipes by default 1`] = `
<div
  className="myRecipesPage"
>
  <div
    className="myRecipesPageHero"
  >
    <h1
      className="myRecipesHeading"
    >
      My Recipes
    </h1>
  </div>
  <ul
    className="container"
  />
</div>
`;
